// Jest Snapshot v1, https://goo.gl/fbAQLP

exports[`renderList 1`] = `
<div>
  <div
    style={
      Object {
        "alignItems": "flex-start",
        "borderBottom": "1px solid rgba(175, 175, 175, .3)",
        "display": "flex",
        "flex": 1,
        "flexDirection": "row",
        "justifyContent": "flex-start",
      }
    }
  >
    <span
      style={
        Object {
          "flex": 1,
          "padding": "12px 5px",
        }
      }
    >
      color
    </span>
    <span
      style={
        Object {
          "flex": 1,
          "padding": "12px 5px",
        }
      }
    >
      #000
    </span>
    <span
      style={
        Object {
          "flex": 1,
          "padding": "12px 5px",
        }
      }
    >
      ✗
    </span>
    <span
      style={
        Object {
          "flex": 1,
          "padding": "12px 5px",
        }
      }
    >
      #333
    </span>
  </div>
  <div
    style={
      Object {
        "alignItems": "flex-start",
        "borderBottom": "1px solid rgba(175, 175, 175, .3)",
        "display": "flex",
        "flex": 1,
        "flexDirection": "row",
        "justifyContent": "flex-start",
      }
    }
  >
    <span
      style={
        Object {
          "flex": 1,
          "padding": "12px 5px",
        }
      }
    >
      children
    </span>
    <span
      style={
        Object {
          "flex": 1,
          "padding": "12px 5px",
        }
      }
    >
      Hello
    </span>
    <span
      style={
        Object {
          "flex": 1,
          "padding": "12px 5px",
        }
      }
    >
      ✗
    </span>
    <span
      style={
        Object {
          "flex": 1,
          "padding": "12px 5px",
        }
      }
    >
      -
    </span>
  </div>
</div>
`;
